timeout : ERROR: Invalid syntax. Default option is not allowed more than '1' 
time(s).
At line:1 char:28
+ ... v1\server ; timeout 120 .\.venv\Scripts\python.exe test_gemini_integr ...
+                 ~~~~~~~~~~~~~~~~~~~~~~~~~~~~~~~~~~~~~~~~~~~~~~~~~~~~~~~~~
    + CategoryInfo          : NotSpecified: (ERROR: Invalid ...an '1' time(s). 
   :String) [], RemoteException
    + FullyQualifiedErrorId : NativeCommandError
 
Type "TIMEOUT /?" for usage.
